// Vitest Snapshot v1, https://vitest.dev/guide/snapshot.html

exports[`CountryTabs >  1`] = `
"<div data-v-14ff4834="">
  <div data-v-14ff4834="" class="wraper-country row">
    <div data-v-14ff4834="" class="englang-bg country-tab">Englang</div>
    <div data-v-14ff4834="" class="country-tab">Japan</div>
    <div data-v-14ff4834="" class="country-tab">Italy</div>
    <div data-v-14ff4834="" class="country-tab">France</div>
    <div data-v-14ff4834="" class="country-tab">Mexico</div>
  </div>
</div>"
`;
